2026-07-30 16:35:29.536 +03:00 [INF] Now listening on: http://localhost:5000
2026-07-30 16:35:29.587 +03:00 [INF] Application started. Press Ctrl+C to shut down.
2026-07-30 16:35:29.589 +03:00 [INF] Hosting environment: Development
2026-07-30 16:35:29.590 +03:00 [INF] Content root path: D:\Костя блендер\BackendTruePROJ\BackendTruePROJ
2026-07-30 16:39:14.961 +03:00 [INF] Request starting HTTP/1.1 GET http://localhost:5000/swagger/index.html - null null
2026-07-30 16:39:15.247 +03:00 [INF] Request finished HTTP/1.1 GET http://localhost:5000/swagger/index.html - 200 null text/html;charset=utf-8 291.834ms
2026-07-30 16:39:15.257 +03:00 [INF] Request starting HTTP/1.1 GET http://localhost:5000/swagger/swagger-ui.css - null null
2026-07-30 16:39:15.257 +03:00 [INF] Request starting HTTP/1.1 GET http://localhost:5000/swagger/index.css - null null
2026-07-30 16:39:15.274 +03:00 [INF] Request starting HTTP/1.1 GET http://localhost:5000/swagger/swagger-ui-bundle.js - null null
2026-07-30 16:39:15.279 +03:00 [INF] Request finished HTTP/1.1 GET http://localhost:5000/swagger/swagger-ui.css - 200 26499 text/css 22.1644ms
2026-07-30 16:39:15.284 +03:00 [INF] Request finished HTTP/1.1 GET http://localhost:5000/swagger/index.css - 200 152 text/css 22.1654ms
2026-07-30 16:39:15.288 +03:00 [INF] Request starting HTTP/1.1 GET http://localhost:5000/swagger/swagger-ui-standalone-preset.js - null null
2026-07-30 16:39:15.295 +03:00 [INF] Request finished HTTP/1.1 GET http://localhost:5000/swagger/swagger-ui-bundle.js - 200 421507 text/javascript 21.7287ms
2026-07-30 16:39:15.295 +03:00 [INF] Request finished HTTP/1.1 GET http://localhost:5000/swagger/swagger-ui-standalone-preset.js - 200 77731 text/javascript 7.8148ms
2026-07-30 16:39:15.302 +03:00 [INF] Request starting HTTP/1.1 GET http://localhost:5000/swagger/index.js - null null
2026-07-30 16:39:15.305 +03:00 [INF] Request finished HTTP/1.1 GET http://localhost:5000/swagger/index.js - 200 null application/javascript;charset=utf-8 9.2467ms
2026-07-30 16:39:15.318 +03:00 [INF] Request starting HTTP/1.1 GET http://localhost:5000/_framework/aspnetcore-browser-refresh.js - null null
2026-07-30 16:39:15.322 +03:00 [INF] Request finished HTTP/1.1 GET http://localhost:5000/_framework/aspnetcore-browser-refresh.js - 200 14919 application/javascript; charset=utf-8 3.6957ms
2026-07-30 16:39:15.336 +03:00 [INF] Request starting HTTP/1.1 GET http://localhost:5000/_vs/browserLink - null null
2026-07-30 16:39:15.368 +03:00 [INF] Request finished HTTP/1.1 GET http://localhost:5000/_vs/browserLink - 200 null text/javascript; charset=UTF-8 31.6066ms
2026-07-30 16:39:15.488 +03:00 [INF] Request starting HTTP/1.1 GET http://localhost:5000/swagger/v1/swagger.json - null null
2026-07-30 16:39:15.528 +03:00 [INF] Request finished HTTP/1.1 GET http://localhost:5000/swagger/v1/swagger.json - 200 null application/json;charset=utf-8 39.1131ms
2026-07-30 17:53:06.487 +03:00 [INF] Now listening on: http://localhost:5000
2026-07-30 17:53:06.533 +03:00 [INF] Application started. Press Ctrl+C to shut down.
2026-07-30 17:53:06.533 +03:00 [INF] Hosting environment: Development
2026-07-30 17:53:06.534 +03:00 [INF] Content root path: D:\Костя блендер\BackendTruePROJ\BackendTruePROJ
2026-07-30 17:54:20.321 +03:00 [INF] Now listening on: http://localhost:5000
2026-07-30 17:54:20.367 +03:00 [INF] Application started. Press Ctrl+C to shut down.
2026-07-30 17:54:20.367 +03:00 [INF] Hosting environment: Development
2026-07-30 17:54:20.368 +03:00 [INF] Content root path: D:\Костя блендер\BackendTruePROJ\BackendTruePROJ
2026-07-30 22:39:21.854 +03:00 [INF] Now listening on: http://localhost:5000
2026-07-30 22:39:21.911 +03:00 [INF] Application started. Press Ctrl+C to shut down.
2026-07-30 22:39:21.912 +03:00 [INF] Hosting environment: Development
2026-07-30 22:39:21.912 +03:00 [INF] Content root path: D:\Костя блендер\BackendTruePROJ\BackendTruePROJ
